// 重构日志: 6c902267
// 重构日志: 78819d23
// 重构日志: 81d907a9
// 重构日志: eb1e7ef6
// 重构日志: bc6d9095
// 同步 ID: 8f13f56f @ Tue Jul 14 06:20:16 UTC 2026
// 同步 ID: 89188d21 @ Wed Jul 15 06:59:10 UTC 2026
// 重构日志: 0435414b
// 重构日志: e65570af
// 同步 ID: 46ad732a @ Tue Jul 28 13:52:33 UTC 2026
// 重构日志: 8055b91b
// 重构日志: 9e4c36b1
// 同步 ID: ba3b576b @ Sat Aug  1 11:47:09 UTC 2026
// 重构日志: ae58e0b9
// 同步 ID: 79f8c22d @ Fri Aug  7 16:57:11 UTC 2026
// 重构日志: 35f0f486
// 重构日志: bfedc21c
// 同步 ID: c1d408f2 @ Sat Aug  8 07:54:37 UTC 2026
// 重构日志: a8ff3300
// 重构日志: 9cf0ef37
